0 verbose cli C:\Program Files\nodejs\node.exe C:\Program Files\nodejs\node_modules\npm\bin\npm-cli.js
1 info using npm@11.9.0
2 info using node@v24.14.0
3 silly config load:file:C:\Program Files\nodejs\node_modules\npm\npmrc
4 silly config load:file:C:\Users\Admin\Desktop\assisment\app_codes\website\.npmrc
5 silly config load:file:C:\Users\Admin\.npmrc
6 silly config load:file:C:\Users\Admin\AppData\Roaming\npm\etc\npmrc
7 verbose title npm install three @react-three/fiber @react-three/drei
8 verbose argv "install" "three" "@react-three/fiber" "@react-three/drei"
9 verbose logfile logs-max:10 dir:C:\Users\Admin\Desktop\assisment\app_codes\website\.npm-cache\_logs\2026-05-12T13_49_11_734Z-
10 verbose logfile C:\Users\Admin\Desktop\assisment\app_codes\website\.npm-cache\_logs\2026-05-12T13_49_11_734Z-debug-0.log
11 silly logfile done cleaning log files
12 silly packumentCache heap:4496293888 maxSize:1124073472 maxEntrySize:562036736
13 silly idealTree buildDeps
14 silly fetch manifest @react-three/drei@^10.7.7
15 silly packumentCache full:https://registry.npmjs.org/@react-three%2fdrei cache-miss
16 http fetch GET 200 https://registry.npmjs.org/npm 464ms
17 http fetch GET 200 https://registry.npmjs.org/@react-three%2fdrei 545ms (cache miss)
18 silly packumentCache full:https://registry.npmjs.org/@react-three%2fdrei set size:undefined disposed:false
19 silly fetch manifest @react-three/fiber@^9.6.1
20 silly packumentCache full:https://registry.npmjs.org/@react-three%2ffiber cache-miss
21 http fetch GET 200 https://registry.npmjs.org/@react-three%2ffiber 893ms (cache miss)
22 silly packumentCache full:https://registry.npmjs.org/@react-three%2ffiber set size:undefined disposed:false
23 silly fetch manifest expo@>=43.0
24 silly packumentCache full:https://registry.npmjs.org/expo cache-miss
25 http fetch GET 200 https://registry.npmjs.org/expo 151ms (cache miss)
26 silly packumentCache full:https://registry.npmjs.org/expo set size:undefined disposed:false
27 silly fetch manifest @expo/dom-webview@*
28 silly packumentCache full:https://registry.npmjs.org/@expo%2fdom-webview cache-miss
29 http fetch GET 200 https://registry.npmjs.org/@expo%2fdom-webview 1058ms (cache miss)
30 silly packumentCache full:https://registry.npmjs.org/@expo%2fdom-webview set size:undefined disposed:false
31 silly fetch manifest react@19.2.4
32 silly packumentCache full:https://registry.npmjs.org/react cache-miss
33 http fetch GET 200 https://registry.npmjs.org/react 227ms (cache miss)
34 silly packumentCache full:https://registry.npmjs.org/react set size:undefined disposed:false
35 silly fetch manifest react-native@*
36 silly packumentCache full:https://registry.npmjs.org/react-native cache-miss
37 http fetch GET 200 https://registry.npmjs.org/react-native 300ms (cache miss)
38 silly packumentCache full:https://registry.npmjs.org/react-native set size:undefined disposed:false
39 silly fetch manifest @react-native/jest-preset@0.85.3
40 silly packumentCache full:https://registry.npmjs.org/@react-native%2fjest-preset cache-miss
41 http fetch GET 200 https://registry.npmjs.org/@react-native%2fjest-preset 58ms (cache miss)
42 silly packumentCache full:https://registry.npmjs.org/@react-native%2fjest-preset set size:undefined disposed:false
43 silly fetch manifest @types/react@^19
44 silly packumentCache full:https://registry.npmjs.org/@types%2freact cache-miss
45 http fetch GET 200 https://registry.npmjs.org/@types%2freact 133ms (cache miss)
46 silly packumentCache full:https://registry.npmjs.org/@types%2freact set size:undefined disposed:false
47 silly fetch manifest @expo/metro-runtime@*
48 silly packumentCache full:https://registry.npmjs.org/@expo%2fmetro-runtime cache-miss
49 http fetch GET 200 https://registry.npmjs.org/@expo%2fmetro-runtime 80ms (cache miss)
50 silly packumentCache full:https://registry.npmjs.org/@expo%2fmetro-runtime set size:undefined disposed:false
51 silly fetch manifest react-dom@19.2.4
52 silly packumentCache full:https://registry.npmjs.org/react-dom cache-miss
53 http fetch GET 200 https://registry.npmjs.org/react-dom 232ms (cache miss)
54 silly packumentCache full:https://registry.npmjs.org/react-dom set size:undefined disposed:false
55 silly fetch manifest react-native-webview@*
56 silly packumentCache full:https://registry.npmjs.org/react-native-webview cache-miss
57 http fetch GET 200 https://registry.npmjs.org/react-native-webview 77ms (cache miss)
58 silly packumentCache full:https://registry.npmjs.org/react-native-webview set size:undefined disposed:false
59 silly fetch manifest expo-asset@>=8.4
60 silly packumentCache full:https://registry.npmjs.org/expo-asset cache-miss
61 http fetch GET 200 https://registry.npmjs.org/expo-asset 61ms (cache miss)
62 silly packumentCache full:https://registry.npmjs.org/expo-asset set size:undefined disposed:false
63 silly fetch manifest expo-file-system@>=11.0
64 silly packumentCache full:https://registry.npmjs.org/expo-file-system cache-miss
65 http fetch GET 200 https://registry.npmjs.org/expo-file-system 325ms (cache miss)
66 silly packumentCache full:https://registry.npmjs.org/expo-file-system set size:undefined disposed:false
67 silly fetch manifest expo-gl@>=11.0
68 silly packumentCache full:https://registry.npmjs.org/expo-gl cache-miss
69 http fetch GET 200 https://registry.npmjs.org/expo-gl 336ms (cache miss)
70 silly packumentCache full:https://registry.npmjs.org/expo-gl set size:undefined disposed:false
71 silly fetch manifest react-native-reanimated@*
72 silly packumentCache full:https://registry.npmjs.org/react-native-reanimated cache-miss
73 http fetch GET 200 https://registry.npmjs.org/react-native-reanimated 208ms (cache miss)
74 silly packumentCache full:https://registry.npmjs.org/react-native-reanimated set size:undefined disposed:false
75 silly fetch manifest react-native-worklets@0.8.x
76 silly packumentCache full:https://registry.npmjs.org/react-native-worklets cache-miss
77 http fetch GET 200 https://registry.npmjs.org/react-native-worklets 89ms (cache miss)
78 silly packumentCache full:https://registry.npmjs.org/react-native-worklets set size:undefined disposed:false
79 silly fetch manifest @babel/core@*
80 silly packumentCache full:https://registry.npmjs.org/@babel%2fcore cache-miss
81 http fetch GET 200 https://registry.npmjs.org/@babel%2fcore 74ms (cache miss)
82 silly packumentCache full:https://registry.npmjs.org/@babel%2fcore set size:undefined disposed:false
83 silly fetch manifest @react-native/metro-config@*
84 silly packumentCache full:https://registry.npmjs.org/@react-native%2fmetro-config cache-miss
85 http fetch GET 200 https://registry.npmjs.org/@react-native%2fmetro-config 657ms (cache miss)
86 silly packumentCache full:https://registry.npmjs.org/@react-native%2fmetro-config set size:undefined disposed:false
87 silly fetch manifest react-native-web@*
88 silly packumentCache full:https://registry.npmjs.org/react-native-web cache-miss
89 http fetch GET 200 https://registry.npmjs.org/react-native-web 85ms (cache miss)
90 silly packumentCache full:https://registry.npmjs.org/react-native-web set size:undefined disposed:false
91 silly fetch manifest three@^0.184.0
92 silly packumentCache full:https://registry.npmjs.org/three cache-miss
93 http fetch GET 200 https://registry.npmjs.org/three 58ms (cache miss)
94 silly packumentCache full:https://registry.npmjs.org/three set size:undefined disposed:false
95 silly placeDep ROOT @react-three/drei@10.7.7 REPLACE for: website@0.1.0 want: ^10.7.7
96 silly placeDep ROOT @react-three/fiber@9.6.1 REPLACE for: website@0.1.0 want: ^9.6.1
97 silly placeDep ROOT three@0.184.0 REPLACE for: website@0.1.0 want: ^0.184.0
98 silly reify moves {}
99 silly audit bulk request {
99 silly audit   '@babel/code-frame': [ '7.29.0' ],
99 silly audit   '@babel/compat-data': [ '7.29.3' ],
99 silly audit   '@babel/core': [ '7.29.0' ],
99 silly audit   '@babel/generator': [ '7.29.1' ],
99 silly audit   '@babel/helper-compilation-targets': [ '7.28.6' ],
99 silly audit   '@babel/helper-globals': [ '7.28.0' ],
99 silly audit   '@babel/helper-module-imports': [ '7.28.6' ],
99 silly audit   '@babel/helper-module-transforms': [ '7.28.6' ],
99 silly audit   '@babel/helper-string-parser': [ '7.27.1' ],
99 silly audit   '@babel/helper-validator-identifier': [ '7.28.5' ],
99 silly audit   '@babel/helper-validator-option': [ '7.27.1' ],
99 silly audit   '@babel/helpers': [ '7.29.2' ],
99 silly audit   '@babel/parser': [ '7.29.3' ],
99 silly audit   '@babel/runtime': [ '7.29.2' ],
99 silly audit   '@babel/template': [ '7.28.6' ],
99 silly audit   '@babel/traverse': [ '7.29.0' ],
99 silly audit   '@babel/types': [ '7.29.0' ],
99 silly audit   '@dimforge/rapier3d-compat': [ '0.12.0' ],
99 silly audit   '@emnapi/core': [ '1.10.0' ],
99 silly audit   '@emnapi/runtime': [ '1.10.0' ],
99 silly audit   '@emnapi/wasi-threads': [ '1.2.1' ],
99 silly audit   '@eslint-community/eslint-utils': [ '4.9.1' ],
99 silly audit   'eslint-visitor-keys': [ '3.4.3', '5.0.1', '4.2.1' ],
99 silly audit   '@eslint-community/regexpp': [ '4.12.2' ],
99 silly audit   '@eslint/config-array': [ '0.21.2' ],
99 silly audit   '@eslint/config-helpers': [ '0.4.2' ],
99 silly audit   '@eslint/core': [ '0.17.0' ],
99 silly audit   '@eslint/eslintrc': [ '3.3.5' ],
99 silly audit   '@eslint/js': [ '9.39.4' ],
99 silly audit   '@eslint/object-schema': [ '2.1.7' ],
99 silly audit   '@eslint/plugin-kit': [ '0.4.1' ],
99 silly audit   '@humanfs/core': [ '0.19.2' ],
99 silly audit   '@humanfs/node': [ '0.16.8' ],
99 silly audit   '@humanfs/types': [ '0.15.0' ],
99 silly audit   '@humanwhocodes/module-importer': [ '1.0.1' ],
99 silly audit   '@humanwhocodes/retry': [ '0.4.3' ],
99 silly audit   '@img/colour': [ '1.1.0' ],
99 silly audit   '@img/sharp-darwin-arm64': [ '0.34.5' ],
99 silly audit   '@img/sharp-darwin-x64': [ '0.34.5' ],
99 silly audit   '@img/sharp-libvips-darwin-arm64': [ '1.2.4' ],
99 silly audit   '@img/sharp-libvips-darwin-x64': [ '1.2.4' ],
99 silly audit   '@img/sharp-libvips-linux-arm': [ '1.2.4' ],
99 silly audit   '@img/sharp-libvips-linux-arm64': [ '1.2.4' ],
99 silly audit   '@img/sharp-libvips-linux-ppc64': [ '1.2.4' ],
99 silly audit   '@img/sharp-libvips-linux-riscv64': [ '1.2.4' ],
99 silly audit   '@img/sharp-libvips-linux-s390x': [ '1.2.4' ],
99 silly audit   '@img/sharp-libvips-linux-x64': [ '1.2.4' ],
99 silly audit   '@img/sharp-libvips-linuxmusl-arm64': [ '1.2.4' ],
99 silly audit   '@img/sharp-libvips-linuxmusl-x64': [ '1.2.4' ],
99 silly audit   '@img/sharp-linux-arm': [ '0.34.5' ],
99 silly audit   '@img/sharp-linux-arm64': [ '0.34.5' ],
99 silly audit   '@img/sharp-linux-ppc64': [ '0.34.5' ],
99 silly audit   '@img/sharp-linux-riscv64': [ '0.34.5' ],
99 silly audit   '@img/sharp-linux-s390x': [ '0.34.5' ],
99 silly audit   '@img/sharp-linux-x64': [ '0.34.5' ],
99 silly audit   '@img/sharp-linuxmusl-arm64': [ '0.34.5' ],
99 silly audit   '@img/sharp-linuxmusl-x64': [ '0.34.5' ],
99 silly audit   '@img/sharp-wasm32': [ '0.34.5' ],
99 silly audit   '@img/sharp-win32-arm64': [ '0.34.5' ],
99 silly audit   '@img/sharp-win32-ia32': [ '0.34.5' ],
99 silly audit   '@img/sharp-win32-x64': [ '0.34.5' ],
99 silly audit   '@jridgewell/gen-mapping': [ '0.3.13' ],
99 silly audit   '@jridgewell/remapping': [ '2.3.5' ],
99 silly audit   '@jridgewell/resolve-uri': [ '3.1.2' ],
99 silly audit   '@jridgewell/sourcemap-codec': [ '1.5.5' ],
99 silly audit   '@jridgewell/trace-mapping': [ '0.3.31' ],
99 silly audit   '@mediapipe/tasks-vision': [ '0.10.17' ],
99 silly audit   '@monogrid/gainmap-js': [ '3.4.0' ],
99 silly audit   '@napi-rs/wasm-runtime': [ '0.2.12' ],
99 silly audit   '@next/env': [ '16.2.6' ],
99 silly audit   '@next/eslint-plugin-next': [ '16.2.6' ],
99 silly audit   '@next/swc-darwin-arm64': [ '16.2.6' ],
99 silly audit   '@next/swc-darwin-x64': [ '16.2.6' ],
99 silly audit   '@next/swc-linux-arm64-gnu': [ '16.2.6' ],
99 silly audit   '@next/swc-linux-arm64-musl': [ '16.2.6' ],
99 silly audit   '@next/swc-linux-x64-gnu': [ '16.2.6' ],
99 silly audit   '@next/swc-linux-x64-musl': [ '16.2.6' ],
99 silly audit   '@next/swc-win32-arm64-msvc': [ '16.2.6' ],
99 silly audit   '@next/swc-win32-x64-msvc': [ '16.2.6' ],
99 silly audit   '@nodelib/fs.scandir': [ '2.1.5' ],
99 silly audit   '@nodelib/fs.stat': [ '2.0.5' ],
99 silly audit   '@nodelib/fs.walk': [ '1.2.8' ],
99 silly audit   '@nolyfill/is-core-module': [ '1.0.39' ],
99 silly audit   '@rtsao/scc': [ '1.1.0' ],
99 silly audit   '@swc/helpers': [ '0.5.15' ],
99 silly audit   '@tweenjs/tween.js': [ '23.1.3' ],
99 silly audit   '@tybys/wasm-util': [ '0.10.2' ],
99 silly audit   '@types/draco3d': [ '1.4.10' ],
99 silly audit   '@types/estree': [ '1.0.9' ],
99 silly audit   '@types/json-schema': [ '7.0.15' ],
99 silly audit   '@types/json5': [ '0.0.29' ],
99 silly audit   '@types/node': [ '20.19.41' ],
99 silly audit   '@types/offscreencanvas': [ '2019.7.3' ],
99 silly audit   '@types/react': [ '19.2.14' ],
99 silly audit   '@types/react-dom': [ '19.2.3' ],
99 silly audit   '@types/react-reconciler': [ '0.28.9' ],
99 silly audit   '@types/stats.js': [ '0.17.4' ],
99 silly audit   '@types/three': [ '0.184.1' ],
99 silly audit   '@types/webxr': [ '0.5.24' ],
99 silly audit   '@typescript-eslint/eslint-plugin': [ '8.59.3' ],
99 silly audit   ignore: [ '7.0.5', '5.3.2' ],
99 silly audit   '@typescript-eslint/parser': [ '8.59.3' ],
99 silly audit   '@typescript-eslint/project-service': [ '8.59.3' ],
99 silly audit   '@typescript-eslint/scope-manager': [ '8.59.3' ],
99 silly audit   '@typescript-eslint/tsconfig-utils': [ '8.59.3' ],
99 silly audit   '@typescript-eslint/type-utils': [ '8.59.3' ],
99 silly audit   '@typescript-eslint/types': [ '8.59.3' ],
99 silly audit   '@typescript-eslint/typescript-estree': [ '8.59.3' ],
99 silly audit   'balanced-match': [ '4.0.4', '1.0.2' ],
99 silly audit   'brace-expansion': [ '5.0.6', '1.1.14' ],
99 silly audit   minimatch: [ '10.2.5', '3.1.5' ],
99 silly audit   semver: [ '7.8.0', '6.3.1' ],
99 silly audit   '@typescript-eslint/utils': [ '8.59.3' ],
99 silly audit   '@typescript-eslint/visitor-keys': [ '8.59.3' ],
99 silly audit   '@unrs/resolver-binding-android-arm-eabi': [ '1.11.1' ],
99 silly audit   '@unrs/resolver-binding-android-arm64': [ '1.11.1' ],
99 silly audit   '@unrs/resolver-binding-darwin-arm64': [ '1.11.1' ],
99 silly audit   '@unrs/resolver-binding-darwin-x64': [ '1.11.1' ],
99 silly audit   '@unrs/resolver-binding-freebsd-x64': [ '1.11.1' ],
99 silly audit   '@unrs/resolver-binding-linux-arm-gnueabihf': [ '1.11.1' ],
99 silly audit   '@unrs/resolver-binding-linux-arm-musleabihf': [ '1.11.1' ],
99 silly audit   '@unrs/resolver-binding-linux-arm64-gnu': [ '1.11.1' ],
99 silly audit   '@unrs/resolver-binding-linux-arm64-musl': [ '1.11.1' ],
99 silly audit   '@unrs/resolver-binding-linux-ppc64-gnu': [ '1.11.1' ],
99 silly audit   '@unrs/resolver-binding-linux-riscv64-gnu': [ '1.11.1' ],
99 silly audit   '@unrs/resolver-binding-linux-riscv64-musl': [ '1.11.1' ],
99 silly audit   '@unrs/resolver-binding-linux-s390x-gnu': [ '1.11.1' ],
99 silly audit   '@unrs/resolver-binding-linux-x64-gnu': [ '1.11.1' ],
99 silly audit   '@unrs/resolver-binding-linux-x64-musl': [ '1.11.1' ],
99 silly audit   '@unrs/resolver-binding-wasm32-wasi': [ '1.11.1' ],
99 silly audit   '@unrs/resolver-binding-win32-arm64-msvc': [ '1.11.1' ],
99 silly audit   '@unrs/resolver-binding-win32-ia32-msvc': [ '1.11.1' ],
99 silly audit   '@unrs/resolver-binding-win32-x64-msvc': [ '1.11.1' ],
99 silly audit   '@use-gesture/core': [ '10.3.1' ],
99 silly audit   '@use-gesture/react': [ '10.3.1' ],
99 silly audit   acorn: [ '8.16.0' ],
99 silly audit   'acorn-jsx': [ '5.3.2' ],
99 silly audit   ajv: [ '6.15.0' ],
99 silly audit   'ansi-styles': [ '4.3.0' ],
99 silly audit   argparse: [ '2.0.1' ],
99 silly audit   'aria-query': [ '5.3.2' ],
99 silly audit   'array-buffer-byte-length': [ '1.0.2' ],
99 silly audit   'array-includes': [ '3.1.9' ],
99 silly audit   'array.prototype.findlast': [ '1.2.5' ],
99 silly audit   'array.prototype.findlastindex': [ '1.2.6' ],
99 silly audit   'array.prototype.flat': [ '1.3.3' ],
99 silly audit   'array.prototype.flatmap': [ '1.3.3' ],
99 silly audit   'array.prototype.tosorted': [ '1.1.4' ],
99 silly audit   'arraybuffer.prototype.slice': [ '1.0.4' ],
99 silly audit   'ast-types-flow': [ '0.0.8' ],
99 silly audit   'async-function': [ '1.0.0' ],
99 silly audit   'available-typed-arrays': [ '1.0.7' ],
99 silly audit   'axe-core': [ '4.11.4' ],
99 silly audit   'axobject-query': [ '4.1.0' ],
99 silly audit   'base64-js': [ '1.5.1' ],
99 silly audit   'baseline-browser-mapping': [ '2.10.29' ],
99 silly audit   'bidi-js': [ '1.0.3' ],
99 silly audit   braces: [ '3.0.3' ],
99 silly audit   browserslist: [ '4.28.2' ],
99 silly audit   buffer: [ '6.0.3' ],
99 silly audit   'call-bind': [ '1.0.9' ],
99 silly audit   'call-bind-apply-helpers': [ '1.0.2' ],
99 silly audit   'call-bound': [ '1.0.4' ],
99 silly audit   callsites: [ '3.1.0' ],
99 silly audit   'camera-controls': [ '3.1.2' ],
99 silly audit   'caniuse-lite': [ '1.0.30001792' ],
99 silly audit   chalk: [ '4.1.2' ],
99 silly audit   'client-only': [ '0.0.1' ],
99 silly audit   'color-convert': [ '2.0.1' ],
99 silly audit   'color-name': [ '1.1.4' ],
99 silly audit   'concat-map': [ '0.0.1' ],
99 silly audit   'convert-source-map': [ '2.0.0' ],
99 silly audit   'cross-env': [ '7.0.3' ],
99 silly audit   'cross-spawn': [ '7.0.6' ],
99 silly audit   csstype: [ '3.2.3' ],
99 silly audit   'damerau-levenshtein': [ '1.0.8' ],
99 silly audit   'data-view-buffer': [ '1.0.2' ],
99 silly audit   'data-view-byte-length': [ '1.0.2' ],
99 silly audit   'data-view-byte-offset': [ '1.0.1' ],
99 silly audit   debug: [ '4.4.3', '3.2.7' ],
99 silly audit   'deep-is': [ '0.1.4' ],
99 silly audit   'define-data-property': [ '1.1.4' ],
99 silly audit   'define-properties': [ '1.2.1' ],
99 silly audit   'detect-gpu': [ '5.0.70' ],
99 silly audit   'detect-libc': [ '2.1.2' ],
99 silly audit   doctrine: [ '2.1.0' ],
99 silly audit   draco3d: [ '1.5.7' ],
99 silly audit   'dunder-proto': [ '1.0.1' ],
99 silly audit   'electron-to-chromium': [ '1.5.353' ],
99 silly audit   'emoji-regex': [ '9.2.2' ],
99 silly audit   'es-abstract': [ '1.24.2' ],
99 silly audit   'es-define-property': [ '1.0.1' ],
99 silly audit   'es-errors': [ '1.3.0' ],
99 silly audit   'es-iterator-helpers': [ '1.3.2' ],
99 silly audit   'es-object-atoms': [ '1.1.1' ],
99 silly audit   'es-set-tostringtag': [ '2.1.0' ],
99 silly audit   'es-shim-unscopables': [ '1.1.0' ],
99 silly audit   'es-to-primitive': [ '1.3.0' ],
99 silly audit   escalade: [ '3.2.0' ],
99 silly audit   'escape-string-regexp': [ '4.0.0' ],
99 silly audit   eslint: [ '9.39.4' ],
99 silly audit   'eslint-config-next': [ '16.2.6' ],
99 silly audit   globals: [ '16.4.0', '14.0.0' ],
99 silly audit   'eslint-import-resolver-node': [ '0.3.10' ],
99 silly audit   'eslint-import-resolver-typescript': [ '3.10.1' ],
99 silly audit   'eslint-module-utils': [ '2.12.1' ],
99 silly audit   'eslint-plugin-import': [ '2.32.0' ],
99 silly audit   'eslint-plugin-jsx-a11y': [ '6.10.2' ],
99 silly audit   'eslint-plugin-react': [ '7.37.5' ],
99 silly audit   'eslint-plugin-react-hooks': [ '7.1.1' ],
99 silly audit   'eslint-scope': [ '8.4.0' ],
99 silly audit   espree: [ '10.4.0' ],
99 silly audit   esquery: [ '1.7.0' ],
99 silly audit   esrecurse: [ '4.3.0' ],
99 silly audit   estraverse: [ '5.3.0' ],
99 silly audit   esutils: [ '2.0.3' ],
99 silly audit   'fast-deep-equal': [ '3.1.3' ],
99 silly audit   'fast-glob': [ '3.3.1' ],
99 silly audit   'glob-parent': [ '5.1.2', '6.0.2' ],
99 silly audit   'fast-json-stable-stringify': [ '2.1.0' ],
99 silly audit   'fast-levenshtein': [ '2.0.6' ],
99 silly audit   fastq: [ '1.20.1' ],
99 silly audit   fflate: [ '0.8.2', '0.6.10' ],
99 silly audit   'file-entry-cache': [ '8.0.0' ],
99 silly audit   'fill-range': [ '7.1.1' ],
99 silly audit   'find-up': [ '5.0.0' ],
99 silly audit   'flat-cache': [ '4.0.1' ],
99 silly audit   flatted: [ '3.4.2' ],
99 silly audit   'for-each': [ '0.3.5' ],
99 silly audit   'function-bind': [ '1.1.2' ],
99 silly audit   'function.prototype.name': [ '1.1.8' ],
99 silly audit   'functions-have-names': [ '1.2.3' ],
99 silly audit   'generator-function': [ '2.0.1' ],
99 silly audit   gensync: [ '1.0.0-beta.2' ],
99 silly audit   'get-intrinsic': [ '1.3.0' ],
99 silly audit   'get-proto': [ '1.0.1' ],
99 silly audit   'get-symbol-description': [ '1.1.0' ],
99 silly audit   'get-tsconfig': [ '4.14.0' ],
99 silly audit   globalthis: [ '1.0.4' ],
99 silly audit   'glsl-noise': [ '0.0.0' ],
99 silly audit   gopd: [ '1.2.0' ],
99 silly audit   'has-bigints': [ '1.1.0' ],
99 silly audit   'has-flag': [ '4.0.0' ],
99 silly audit   'has-property-descriptors': [ '1.0.2' ],
99 silly audit   'has-proto': [ '1.2.0' ],
99 silly audit   'has-symbols': [ '1.1.0' ],
99 silly audit   'has-tostringtag': [ '1.0.2' ],
99 silly audit   hasown: [ '2.0.3' ],
99 silly audit   'hermes-estree': [ '0.25.1' ],
99 silly audit   'hermes-parser': [ '0.25.1' ],
99 silly audit   'hls.js': [ '1.6.16' ],
99 silly audit   ieee754: [ '1.2.1' ],
99 silly audit   immediate: [ '3.0.6' ],
99 silly audit   'import-fresh': [ '3.3.1' ],
99 silly audit   imurmurhash: [ '0.1.4' ],
99 silly audit   'internal-slot': [ '1.1.0' ],
99 silly audit   'is-array-buffer': [ '3.0.5' ],
99 silly audit   'is-async-function': [ '2.1.1' ],
99 silly audit   'is-bigint': [ '1.1.0' ],
99 silly audit   'is-boolean-object': [ '1.2.2' ],
99 silly audit   'is-bun-module': [ '2.0.0' ],
99 silly audit   'is-callable': [ '1.2.7' ],
99 silly audit   'is-core-module': [ '2.16.2' ],
99 silly audit   'is-data-view': [ '1.0.2' ],
99 silly audit   'is-date-object': [ '1.1.0' ],
99 silly audit   'is-extglob': [ '2.1.1' ],
99 silly audit   'is-finalizationregistry': [ '1.1.1' ],
99 silly audit   'is-generator-function': [ '1.1.2' ],
99 silly audit   'is-glob': [ '4.0.3' ],
99 silly audit   'is-map': [ '2.0.3' ],
99 silly audit   'is-negative-zero': [ '2.0.3' ],
99 silly audit   'is-number': [ '7.0.0' ],
99 silly audit   'is-number-object': [ '1.1.1' ],
99 silly audit   'is-promise': [ '2.2.2' ],
99 silly audit   'is-regex': [ '1.2.1' ],
99 silly audit   'is-set': [ '2.0.3' ],
99 silly audit   'is-shared-array-buffer': [ '1.0.4' ],
99 silly audit   'is-string': [ '1.1.1' ],
99 silly audit   'is-symbol': [ '1.1.1' ],
99 silly audit   'is-typed-array': [ '1.1.15' ],
99 silly audit   'is-weakmap': [ '2.0.2' ],
99 silly audit   'is-weakref': [ '1.1.1' ],
99 silly audit   'is-weakset': [ '2.0.4' ],
99 silly audit   isarray: [ '2.0.5' ],
99 silly audit   isexe: [ '2.0.0' ],
99 silly audit   'iterator.prototype': [ '1.1.5' ],
99 silly audit   'its-fine': [ '2.0.0' ],
99 silly audit   'js-tokens': [ '4.0.0' ],
99 silly audit   'js-yaml': [ '4.1.1' ],
99 silly audit   jsesc: [ '3.1.0' ],
99 silly audit   'json-buffer': [ '3.0.1' ],
99 silly audit   'json-schema-traverse': [ '0.4.1' ],
99 silly audit   'json-stable-stringify-without-jsonify': [ '1.0.1' ],
99 silly audit   json5: [ '2.2.3', '1.0.2' ],
99 silly audit   'jsx-ast-utils': [ '3.3.5' ],
99 silly audit   keyv: [ '4.5.4' ],
99 silly audit   'language-subtag-registry': [ '0.3.23' ],
99 silly audit   'language-tags': [ '1.0.9' ],
99 silly audit   levn: [ '0.4.1' ],
99 silly audit   lie: [ '3.3.0' ],
99 silly audit   'locate-path': [ '6.0.0' ],
99 silly audit   'lodash.merge': [ '4.6.2' ],
99 silly audit   'loose-envify': [ '1.4.0' ],
99 silly audit   'lru-cache': [ '5.1.1' ],
99 silly audit   maath: [ '0.10.8' ],
99 silly audit   'math-intrinsics': [ '1.1.0' ],
99 silly audit   merge2: [ '1.4.1' ],
99 silly audit   meshline: [ '3.3.1' ],
99 silly audit   meshoptimizer: [ '1.1.1' ],
99 silly audit   micromatch: [ '4.0.8' ],
99 silly audit   minimist: [ '1.2.8' ],
99 silly audit   ms: [ '2.1.3' ],
99 silly audit   nanoid: [ '3.3.12' ],
99 silly audit   'napi-postinstall': [ '0.3.4' ],
99 silly audit   'natural-compare': [ '1.4.0' ],
99 silly audit   next: [ '16.2.6' ],
99 silly audit   'node-exports-info': [ '1.6.0' ],
99 silly audit   'node-releases': [ '2.0.44' ],
99 silly audit   'object-assign': [ '4.1.1' ],
99 silly audit   'object-inspect': [ '1.13.4' ],
99 silly audit   'object-keys': [ '1.1.1' ],
99 silly audit   'object.assign': [ '4.1.7' ],
99 silly audit   'object.entries': [ '1.1.9' ],
99 silly audit   'object.fromentries': [ '2.0.8' ],
99 silly audit   'object.groupby': [ '1.0.3' ],
99 silly audit   'object.values': [ '1.2.1' ],
99 silly audit   optionator: [ '0.9.4' ],
99 silly audit   'own-keys': [ '1.0.1' ],
99 silly audit   'p-limit': [ '3.1.0' ],
99 silly audit   'p-locate': [ '5.0.0' ],
99 silly audit   'parent-module': [ '1.0.1' ],
99 silly audit   'path-exists': [ '4.0.0' ],
99 silly audit   'path-key': [ '3.1.1' ],
99 silly audit   'path-parse': [ '1.0.7' ],
99 silly audit   picocolors: [ '1.1.1' ],
99 silly audit   picomatch: [ '2.3.2', '4.0.4' ],
99 silly audit   'possible-typed-array-names': [ '1.1.0' ],
99 silly audit   postcss: [ '8.4.31' ],
99 silly audit   potpack: [ '1.0.2' ],
99 silly audit   'prelude-ls': [ '1.2.1' ],
99 silly audit   'promise-worker-transferable': [ '1.0.4' ],
99 silly audit   'prop-types': [ '15.8.1' ],
99 silly audit   punycode: [ '2.3.1' ],
99 silly audit   'queue-microtask': [ '1.2.3' ],
99 silly audit   react: [ '19.2.4' ],
99 silly audit   'react-dom': [ '19.2.4' ],
99 silly audit   'react-is': [ '16.13.1' ],
99 silly audit   'react-use-measure': [ '2.1.7' ],
99 silly audit   'reflect.getprototypeof': [ '1.0.10' ],
99 silly audit   'regexp.prototype.flags': [ '1.5.4' ],
99 silly audit   'require-from-string': [ '2.0.2' ],
99 silly audit   resolve: [ '2.0.0-next.6' ],
99 silly audit   'resolve-from': [ '4.0.0' ],
99 silly audit   'resolve-pkg-maps': [ '1.0.0' ],
99 silly audit   reusify: [ '1.1.0' ],
99 silly audit   'run-parallel': [ '1.2.0' ],
99 silly audit   'safe-array-concat': [ '1.1.4' ],
99 silly audit   'safe-push-apply': [ '1.0.0' ],
99 silly audit   'safe-regex-test': [ '1.1.0' ],
99 silly audit   scheduler: [ '0.27.0' ],
99 silly audit   'set-function-length': [ '1.2.2' ],
99 silly audit   'set-function-name': [ '2.0.2' ],
99 silly audit   'set-proto': [ '1.0.0' ],
99 silly audit   sharp: [ '0.34.5' ],
99 silly audit   'shebang-command': [ '2.0.0' ],
99 silly audit   'shebang-regex': [ '3.0.0' ],
99 silly audit   'side-channel': [ '1.1.0' ],
99 silly audit   'side-channel-list': [ '1.0.1' ],
99 silly audit   'side-channel-map': [ '1.0.1' ],
99 silly audit   'side-channel-weakmap': [ '1.0.2' ],
99 silly audit   'source-map-js': [ '1.2.1' ],
99 silly audit   'stable-hash': [ '0.0.5' ],
99 silly audit   'stats-gl': [ '2.4.2' ],
99 silly audit   three: [ '0.170.0', '0.184.0' ],
99 silly audit   'stats.js': [ '0.17.0' ],
99 silly audit   'stop-iteration-iterator': [ '1.1.0' ],
99 silly audit   'string.prototype.includes': [ '2.0.1' ],
99 silly audit   'string.prototype.matchall': [ '4.0.12' ],
99 silly audit   'string.prototype.repeat': [ '1.0.0' ],
99 silly audit   'string.prototype.trim': [ '1.2.10' ],
99 silly audit   'string.prototype.trimend': [ '1.0.9' ],
99 silly audit   'string.prototype.trimstart': [ '1.0.8' ],
99 silly audit   'strip-bom': [ '3.0.0' ],
99 silly audit   'strip-json-comments': [ '3.1.1' ],
99 silly audit   'styled-jsx': [ '5.1.6' ],
99 silly audit   'supports-color': [ '7.2.0' ],
99 silly audit   'supports-preserve-symlinks-flag': [ '1.0.0' ],
99 silly audit   'suspend-react': [ '0.1.3' ],
99 silly audit   'three-mesh-bvh': [ '0.8.3' ],
99 silly audit   'three-stdlib': [ '2.36.1' ],
99 silly audit   tinyglobby: [ '0.2.16' ],
99 silly audit   fdir: [ '6.5.0' ],
99 silly audit   'to-regex-range': [ '5.0.1' ],
99 silly audit   'troika-three-text': [ '0.52.4' ],
99 silly audit   'troika-three-utils': [ '0.52.4' ],
99 silly audit   'troika-worker-utils': [ '0.52.0' ],
99 silly audit   'ts-api-utils': [ '2.5.0' ],
99 silly audit   'tsconfig-paths': [ '3.15.0' ],
99 silly audit   tslib: [ '2.8.1' ],
99 silly audit   'tunnel-rat': [ '0.1.2' ],
99 silly audit   zustand: [ '4.5.7', '5.0.13' ],
99 silly audit   'type-check': [ '0.4.0' ],
99 silly audit   'typed-array-buffer': [ '1.0.3' ],
99 silly audit   'typed-array-byte-length': [ '1.0.3' ],
99 silly audit   'typed-array-byte-offset': [ '1.0.4' ],
99 silly audit   'typed-array-length': [ '1.0.7' ],
99 silly audit   typescript: [ '5.9.3' ],
99 silly audit   'typescript-eslint': [ '8.59.3' ],
99 silly audit   'unbox-primitive': [ '1.1.0' ],
99 silly audit   'undici-types': [ '6.21.0' ],
99 silly audit   'unrs-resolver': [ '1.11.1' ],
99 silly audit   'update-browserslist-db': [ '1.2.3' ],
99 silly audit   'uri-js': [ '4.4.1' ],
99 silly audit   'use-sync-external-store': [ '1.6.0' ],
99 silly audit   'utility-types': [ '3.11.0' ],
99 silly audit   'webgl-constants': [ '1.1.1' ],
99 silly audit   'webgl-sdf-generator': [ '1.1.1' ],
99 silly audit   which: [ '2.0.2' ],
99 silly audit   'which-boxed-primitive': [ '1.1.1' ],
99 silly audit   'which-builtin-type': [ '1.2.1' ],
99 silly audit   'which-collection': [ '1.0.2' ],
99 silly audit   'which-typed-array': [ '1.1.20' ],
99 silly audit   'word-wrap': [ '1.2.5' ],
99 silly audit   yallist: [ '3.1.1' ],
99 silly audit   'yocto-queue': [ '0.1.0' ],
99 silly audit   zod: [ '4.4.3' ],
99 silly audit   'zod-validation-error': [ '4.0.2' ],
99 silly audit   '@react-three/drei': [ '10.7.7' ],
99 silly audit   '@react-three/fiber': [ '9.6.1' ]
99 silly audit }
100 http fetch POST 200 https://registry.npmjs.org/-/npm/v1/security/advisories/bulk 375ms
101 silly audit report {
101 silly audit report   postcss: [
101 silly audit report     {
101 silly audit report       id: 1117015,
101 silly audit report       url: 'https://github.com/advisories/GHSA-qx2v-qp2m-jg93',
101 silly audit report       title: 'PostCSS has XSS via Unescaped </style> in its CSS Stringify Output',
101 silly audit report       severity: 'moderate',
101 silly audit report       vulnerable_versions: '<8.5.10',
101 silly audit report       cwe: [Array],
101 silly audit report       cvss: [Object]
101 silly audit report     }
101 silly audit report   ]
101 silly audit report }
102 silly packumentCache corgi:https://registry.npmjs.org/postcss cache-miss
103 http fetch GET 200 https://registry.npmjs.org/postcss 60ms (cache miss)
104 silly packumentCache corgi:https://registry.npmjs.org/postcss set size:undefined disposed:false
105 silly packumentCache corgi:https://registry.npmjs.org/next cache-miss
106 http fetch GET 200 https://registry.npmjs.org/next 802ms (cache miss)
107 silly packumentCache corgi:https://registry.npmjs.org/next set size:undefined disposed:false
108 verbose cwd C:\Users\Admin\Desktop\assisment\app_codes\website
109 verbose os Windows_NT 10.0.26200
110 verbose node v24.14.0
111 verbose npm  v11.9.0
112 notice
112 notice New minor version of npm available! 11.9.0 -> 11.14.1
112 notice Changelog: https://github.com/npm/cli/releases/tag/v11.14.1
112 notice To update run: npm install -g npm@11.14.1
112 notice  { force: true, Symbol(proc-log.meta): true }
113 verbose exit 0
114 info ok
